<?xml version="1.0" encoding="UTF-8"?>
<TestRun id="f684954e-80b9-4800-93f0-5c39887a64b6" name="Kris_He@KRIS_HE-PC 2012-04-19 23:16:40" runUser="Kris_He-PC\Kris_He" xmlns="http://microsoft.com/schemas/VisualStudio/TeamTest/2010">
  <TestSettings name="本地" id="eec6b25f-d3dd-4499-a3e8-cb969736be41">
    <Description>这些设置为本地测试运行的默认测试设置。</Description>
    <Deployment enabled="false" runDeploymentRoot="Kris_He_KRIS_HE-PC 2012-04-19 23_16_40" />
    <Execution>
      <TestTypeSpecific />
      <AgentRule name="Execution Agents">
      </AgentRule>
    </Execution>
  </TestSettings>
  <Times creation="2012-04-19T23:16:40.3828125+08:00" queuing="2012-04-19T23:16:40.4677734+08:00" start="2012-04-19T23:16:40.5019531+08:00" finish="2012-04-19T23:16:42.9042968+08:00" />
  <ResultSummary outcome="Failed">
    <Counters total="11" executed="11" passed="2" error="0" failed="9" timeout="0" aborted="0" inconclusive="0" passedButRunAborted="0" notRunnable="0" notExecuted="0" disconnected="0" warning="0" completed="0" inProgress="0" pending="0" />
  </ResultSummary>
  <TestDefinitions>
    <UnitTest name="TestSimpleSpare" storage="d:\0a学习\敏捷开发\bowlinggametest\bowlinggametest\bin\debug\bowlinggametest.dll" id="49c2cf70-c55b-6fe1-0748-e24b3fac3b18">
      <Execution id="ff5ce930-cc90-489e-9694-8c41ca180b05" />
      <TestMethod codeBase="D:/0A学习/敏捷开发/BowlingGameTest/BowlingGameTest/bin/Debug/BowlingGameTest.DLL" adapterTypeName="Microsoft.VisualStudio.TestTools.TestTypes.Unit.UnitTestAdapter, Microsoft.VisualStudio.QualityTools.Tips.UnitTest.Adapter, Version=10.0.0.0, Culture=neutral, PublicKeyToken=b03f5f7f11d50a3a" className="BowlingGameTest.GameTest, BowlingGameTest, Version=1.0.0.0, Culture=neutral, PublicKeyToken=null" name="TestSimpleSpare" />
    </UnitTest>
    <UnitTest name="TestSimpleFrameAfterSpare" storage="d:\0a学习\敏捷开发\bowlinggametest\bowlinggametest\bin\debug\bowlinggametest.dll" id="ea37382a-e229-0f26-f638-61865c6375fb">
      <Execution id="098c43ff-c3c9-4fe8-926f-a50925549b20" />
      <TestMethod codeBase="D:/0A学习/敏捷开发/BowlingGameTest/BowlingGameTest/bin/Debug/BowlingGameTest.DLL" adapterTypeName="Microsoft.VisualStudio.TestTools.TestTypes.Unit.UnitTestAdapter, Microsoft.VisualStudio.QualityTools.Tips.UnitTest.Adapter, Version=10.0.0.0, Culture=neutral, PublicKeyToken=b03f5f7f11d50a3a" className="BowlingGameTest.GameTest, BowlingGameTest, Version=1.0.0.0, Culture=neutral, PublicKeyToken=null" name="TestSimpleFrameAfterSpare" />
    </UnitTest>
    <UnitTest name="TestFourThrowsNoMark" storage="d:\0a学习\敏捷开发\bowlinggametest\bowlinggametest\bin\debug\bowlinggametest.dll" id="e69f4d91-862d-4c1f-8ce8-ac18c91b1046">
      <Execution id="2f011333-7378-40b2-b2f3-d729e314c5fd" />
      <TestMethod codeBase="D:/0A学习/敏捷开发/BowlingGameTest/BowlingGameTest/bin/Debug/BowlingGameTest.DLL" adapterTypeName="Microsoft.VisualStudio.TestTools.TestTypes.Unit.UnitTestAdapter, Microsoft.VisualStudio.QualityTools.Tips.UnitTest.Adapter, Version=10.0.0.0, Culture=neutral, PublicKeyToken=b03f5f7f11d50a3a" className="BowlingGameTest.GameTest, BowlingGameTest, Version=1.0.0.0, Culture=neutral, PublicKeyToken=null" name="TestFourThrowsNoMark" />
    </UnitTest>
    <UnitTest name="SetUp" storage="d:\0a学习\敏捷开发\bowlinggametest\bowlinggametest\bin\debug\bowlinggametest.dll" id="08761f86-e384-fad5-7621-96b310268d95">
      <Execution id="9ccc557b-6285-4e62-abeb-f8d2a03b63cd" />
      <TestMethod codeBase="D:/0A学习/敏捷开发/BowlingGameTest/BowlingGameTest/bin/Debug/BowlingGameTest.DLL" adapterTypeName="Microsoft.VisualStudio.TestTools.TestTypes.Unit.UnitTestAdapter, Microsoft.VisualStudio.QualityTools.Tips.UnitTest.Adapter, Version=10.0.0.0, Culture=neutral, PublicKeyToken=b03f5f7f11d50a3a" className="BowlingGameTest.GameTest, BowlingGameTest, Version=1.0.0.0, Culture=neutral, PublicKeyToken=null" name="SetUp" />
    </UnitTest>
    <UnitTest name="TestPerfectGame" storage="d:\0a学习\敏捷开发\bowlinggametest\bowlinggametest\bin\debug\bowlinggametest.dll" id="d53c23bd-c3db-48d3-56fa-aec315209313">
      <Execution id="6ea2622f-63ae-47d6-b6df-10d6d759754b" />
      <TestMethod codeBase="D:/0A学习/敏捷开发/BowlingGameTest/BowlingGameTest/bin/Debug/BowlingGameTest.DLL" adapterTypeName="Microsoft.VisualStudio.TestTools.TestTypes.Unit.UnitTestAdapter, Microsoft.VisualStudio.QualityTools.Tips.UnitTest.Adapter, Version=10.0.0.0, Culture=neutral, PublicKeyToken=b03f5f7f11d50a3a" className="BowlingGameTest.GameTest, BowlingGameTest, Version=1.0.0.0, Culture=neutral, PublicKeyToken=null" name="TestPerfectGame" />
    </UnitTest>
    <UnitTest name="TestTwoThrowsNoMark" storage="d:\0a学习\敏捷开发\bowlinggametest\bowlinggametest\bin\debug\bowlinggametest.dll" id="f410da72-b70b-fdf1-23b3-19d130f30e63">
      <Execution id="5a43eb55-a4d8-4406-ad8c-ece98a7fe23f" />
      <TestMethod codeBase="D:/0A学习/敏捷开发/BowlingGameTest/BowlingGameTest/bin/Debug/BowlingGameTest.DLL" adapterTypeName="Microsoft.VisualStudio.TestTools.TestTypes.Unit.UnitTestAdapter, Microsoft.VisualStudio.QualityTools.Tips.UnitTest.Adapter, Version=10.0.0.0, Culture=neutral, PublicKeyToken=b03f5f7f11d50a3a" className="BowlingGameTest.GameTest, BowlingGameTest, Version=1.0.0.0, Culture=neutral, PublicKeyToken=null" name="TestTwoThrowsNoMark" />
    </UnitTest>
    <UnitTest name="TestHeartBreak" storage="d:\0a学习\敏捷开发\bowlinggametest\bowlinggametest\bin\debug\bowlinggametest.dll" id="560cf12a-b6af-52af-1b55-0b7afd85ec3f">
      <Execution id="f0fd47a5-334b-4923-bd0b-4d1387b2bb4b" />
      <TestMethod codeBase="D:/0A学习/敏捷开发/BowlingGameTest/BowlingGameTest/bin/Debug/BowlingGameTest.DLL" adapterTypeName="Microsoft.VisualStudio.TestTools.TestTypes.Unit.UnitTestAdapter, Microsoft.VisualStudio.QualityTools.Tips.UnitTest.Adapter, Version=10.0.0.0, Culture=neutral, PublicKeyToken=b03f5f7f11d50a3a" className="BowlingGameTest.GameTest, BowlingGameTest, Version=1.0.0.0, Culture=neutral, PublicKeyToken=null" name="TestHeartBreak" />
    </UnitTest>
    <UnitTest name="TestSimpleStrike" storage="d:\0a学习\敏捷开发\bowlinggametest\bowlinggametest\bin\debug\bowlinggametest.dll" id="a51fe5dc-4b6f-f220-54b6-19337e28f5e4">
      <Execution id="93e8aad5-ff94-45d2-8f11-11d1b93f0cdd" />
      <TestMethod codeBase="D:/0A学习/敏捷开发/BowlingGameTest/BowlingGameTest/bin/Debug/BowlingGameTest.DLL" adapterTypeName="Microsoft.VisualStudio.TestTools.TestTypes.Unit.UnitTestAdapter, Microsoft.VisualStudio.QualityTools.Tips.UnitTest.Adapter, Version=10.0.0.0, Culture=neutral, PublicKeyToken=b03f5f7f11d50a3a" className="BowlingGameTest.GameTest, BowlingGameTest, Version=1.0.0.0, Culture=neutral, PublicKeyToken=null" name="TestSimpleStrike" />
    </UnitTest>
    <UnitTest name="TestSampleGame" storage="d:\0a学习\敏捷开发\bowlinggametest\bowlinggametest\bin\debug\bowlinggametest.dll" id="4a71f6df-a40d-72ce-b695-3152fe11c7e6">
      <Execution id="ebefc106-ed4a-46c8-b629-3b02122e0bd1" />
      <TestMethod codeBase="D:/0A学习/敏捷开发/BowlingGameTest/BowlingGameTest/bin/Debug/BowlingGameTest.DLL" adapterTypeName="Microsoft.VisualStudio.TestTools.TestTypes.Unit.UnitTestAdapter, Microsoft.VisualStudio.QualityTools.Tips.UnitTest.Adapter, Version=10.0.0.0, Culture=neutral, PublicKeyToken=b03f5f7f11d50a3a" className="BowlingGameTest.GameTest, BowlingGameTest, Version=1.0.0.0, Culture=neutral, PublicKeyToken=null" name="TestSampleGame" />
    </UnitTest>
    <UnitTest name="TestEndOfArray" storage="d:\0a学习\敏捷开发\bowlinggametest\bowlinggametest\bin\debug\bowlinggametest.dll" id="cdf8eefe-12a3-d707-3154-f2165fcb988e">
      <Execution id="259de1c5-d4d2-4128-8b79-9f51847de7bf" />
      <TestMethod codeBase="D:/0A学习/敏捷开发/BowlingGameTest/BowlingGameTest/bin/Debug/BowlingGameTest.DLL" adapterTypeName="Microsoft.VisualStudio.TestTools.TestTypes.Unit.UnitTestAdapter, Microsoft.VisualStudio.QualityTools.Tips.UnitTest.Adapter, Version=10.0.0.0, Culture=neutral, PublicKeyToken=b03f5f7f11d50a3a" className="BowlingGameTest.GameTest, BowlingGameTest, Version=1.0.0.0, Culture=neutral, PublicKeyToken=null" name="TestEndOfArray" />
    </UnitTest>
    <UnitTest name="TestTenthFrameSpare" storage="d:\0a学习\敏捷开发\bowlinggametest\bowlinggametest\bin\debug\bowlinggametest.dll" id="e3a5d2b2-7e7b-8adf-f47b-48c284782eca">
      <Execution id="98c18477-f9f5-4ab8-8cb8-b6e6e8f48e89" />
      <TestMethod codeBase="D:/0A学习/敏捷开发/BowlingGameTest/BowlingGameTest/bin/Debug/BowlingGameTest.DLL" adapterTypeName="Microsoft.VisualStudio.TestTools.TestTypes.Unit.UnitTestAdapter, Microsoft.VisualStudio.QualityTools.Tips.UnitTest.Adapter, Version=10.0.0.0, Culture=neutral, PublicKeyToken=b03f5f7f11d50a3a" className="BowlingGameTest.GameTest, BowlingGameTest, Version=1.0.0.0, Culture=neutral, PublicKeyToken=null" name="TestTenthFrameSpare" />
    </UnitTest>
  </TestDefinitions>
  <TestLists>
    <TestList name="列表中未列出的结果" id="8c84fa94-04c1-424b-9868-57a2d4851a1d" />
    <TestList name="所有已加载的结果" id="19431567-8539-422a-85d7-44ee4e166bda" />
  </TestLists>
  <TestEntries>
    <TestEntry testId="08761f86-e384-fad5-7621-96b310268d95" executionId="9ccc557b-6285-4e62-abeb-f8d2a03b63cd" testListId="8c84fa94-04c1-424b-9868-57a2d4851a1d" />
    <TestEntry testId="49c2cf70-c55b-6fe1-0748-e24b3fac3b18" executionId="ff5ce930-cc90-489e-9694-8c41ca180b05" testListId="8c84fa94-04c1-424b-9868-57a2d4851a1d" />
    <TestEntry testId="4a71f6df-a40d-72ce-b695-3152fe11c7e6" executionId="ebefc106-ed4a-46c8-b629-3b02122e0bd1" testListId="8c84fa94-04c1-424b-9868-57a2d4851a1d" />
    <TestEntry testId="560cf12a-b6af-52af-1b55-0b7afd85ec3f" executionId="f0fd47a5-334b-4923-bd0b-4d1387b2bb4b" testListId="8c84fa94-04c1-424b-9868-57a2d4851a1d" />
    <TestEntry testId="a51fe5dc-4b6f-f220-54b6-19337e28f5e4" executionId="93e8aad5-ff94-45d2-8f11-11d1b93f0cdd" testListId="8c84fa94-04c1-424b-9868-57a2d4851a1d" />
    <TestEntry testId="cdf8eefe-12a3-d707-3154-f2165fcb988e" executionId="259de1c5-d4d2-4128-8b79-9f51847de7bf" testListId="8c84fa94-04c1-424b-9868-57a2d4851a1d" />
    <TestEntry testId="d53c23bd-c3db-48d3-56fa-aec315209313" executionId="6ea2622f-63ae-47d6-b6df-10d6d759754b" testListId="8c84fa94-04c1-424b-9868-57a2d4851a1d" />
    <TestEntry testId="e3a5d2b2-7e7b-8adf-f47b-48c284782eca" executionId="98c18477-f9f5-4ab8-8cb8-b6e6e8f48e89" testListId="8c84fa94-04c1-424b-9868-57a2d4851a1d" />
    <TestEntry testId="e69f4d91-862d-4c1f-8ce8-ac18c91b1046" executionId="2f011333-7378-40b2-b2f3-d729e314c5fd" testListId="8c84fa94-04c1-424b-9868-57a2d4851a1d" />
    <TestEntry testId="ea37382a-e229-0f26-f638-61865c6375fb" executionId="098c43ff-c3c9-4fe8-926f-a50925549b20" testListId="8c84fa94-04c1-424b-9868-57a2d4851a1d" />
    <TestEntry testId="f410da72-b70b-fdf1-23b3-19d130f30e63" executionId="5a43eb55-a4d8-4406-ad8c-ece98a7fe23f" testListId="8c84fa94-04c1-424b-9868-57a2d4851a1d" />
  </TestEntries>
  <Results>
    <UnitTestResult executionId="9ccc557b-6285-4e62-abeb-f8d2a03b63cd" testId="08761f86-e384-fad5-7621-96b310268d95" testName="SetUp" computerName="KRIS_HE-PC" duration="00:00:00.0367566" startTime="2012-04-19T23:16:40.6416015+08:00" endTime="2012-04-19T23:16:42.1552734+08:00" testType="13cdc9d9-ddb5-4fa4-a97d-d965ccfc6d4b" outcome="Passed" testListId="8c84fa94-04c1-424b-9868-57a2d4851a1d" relativeResultsDirectory="9ccc557b-6285-4e62-abeb-f8d2a03b63cd">
    </UnitTestResult>
    <UnitTestResult executionId="ff5ce930-cc90-489e-9694-8c41ca180b05" testId="49c2cf70-c55b-6fe1-0748-e24b3fac3b18" testName="TestSimpleSpare" computerName="KRIS_HE-PC" duration="00:00:00.1280958" startTime="2012-04-19T23:16:42.1708984+08:00" endTime="2012-04-19T23:16:42.3349609+08:00" testType="13cdc9d9-ddb5-4fa4-a97d-d965ccfc6d4b" outcome="Failed" testListId="8c84fa94-04c1-424b-9868-57a2d4851a1d" relativeResultsDirectory="ff5ce930-cc90-489e-9694-8c41ca180b05">
      <Output>
        <ErrorInfo>
          <Message>测试方法 BowlingGameTest.GameTest.TestSimpleSpare 引发了异常: 
System.NullReferenceException: 未将对象引用设置到对象的实例。</Message>
          <StackTrace>    在 BowlingGameTest.GameTest.TestSimpleSpare() 位置 D:\0A学习\敏捷开发\BowlingGameTest\BowlingGameTest\GameTest.cs:行号 46
</StackTrace>
        </ErrorInfo>
      </Output>
    </UnitTestResult>
    <UnitTestResult executionId="ebefc106-ed4a-46c8-b629-3b02122e0bd1" testId="4a71f6df-a40d-72ce-b695-3152fe11c7e6" testName="TestSampleGame" computerName="KRIS_HE-PC" duration="00:00:00.0130775" startTime="2012-04-19T23:16:42.3642578+08:00" endTime="2012-04-19T23:16:42.3906250+08:00" testType="13cdc9d9-ddb5-4fa4-a97d-d965ccfc6d4b" outcome="Failed" testListId="8c84fa94-04c1-424b-9868-57a2d4851a1d" relativeResultsDirectory="ebefc106-ed4a-46c8-b629-3b02122e0bd1">
      <Output>
        <ErrorInfo>
          <Message>测试方法 BowlingGameTest.GameTest.TestSampleGame 引发了异常: 
System.NullReferenceException: 未将对象引用设置到对象的实例。</Message>
          <StackTrace>    在 BowlingGameTest.GameTest.TestSampleGame() 位置 D:\0A学习\敏捷开发\BowlingGameTest\BowlingGameTest\GameTest.cs:行号 102
</StackTrace>
        </ErrorInfo>
      </Output>
    </UnitTestResult>
    <UnitTestResult executionId="f0fd47a5-334b-4923-bd0b-4d1387b2bb4b" testId="560cf12a-b6af-52af-1b55-0b7afd85ec3f" testName="TestHeartBreak" computerName="KRIS_HE-PC" duration="00:00:00.0066437" startTime="2012-04-19T23:16:42.4150390+08:00" endTime="2012-04-19T23:16:42.4423828+08:00" testType="13cdc9d9-ddb5-4fa4-a97d-d965ccfc6d4b" outcome="Failed" testListId="8c84fa94-04c1-424b-9868-57a2d4851a1d" relativeResultsDirectory="f0fd47a5-334b-4923-bd0b-4d1387b2bb4b">
      <Output>
        <ErrorInfo>
          <Message>测试方法 BowlingGameTest.GameTest.TestHeartBreak 引发了异常: 
System.NullReferenceException: 未将对象引用设置到对象的实例。</Message>
          <StackTrace>    在 BowlingGameTest.GameTest.TestHeartBreak() 位置 D:\0A学习\敏捷开发\BowlingGameTest\BowlingGameTest\GameTest.cs:行号 128
</StackTrace>
        </ErrorInfo>
      </Output>
    </UnitTestResult>
    <UnitTestResult executionId="93e8aad5-ff94-45d2-8f11-11d1b93f0cdd" testId="a51fe5dc-4b6f-f220-54b6-19337e28f5e4" testName="TestSimpleStrike" computerName="KRIS_HE-PC" duration="00:00:00.0136991" startTime="2012-04-19T23:16:42.4775390+08:00" endTime="2012-04-19T23:16:42.5146484+08:00" testType="13cdc9d9-ddb5-4fa4-a97d-d965ccfc6d4b" outcome="Failed" testListId="8c84fa94-04c1-424b-9868-57a2d4851a1d" relativeResultsDirectory="93e8aad5-ff94-45d2-8f11-11d1b93f0cdd">
      <Output>
        <ErrorInfo>
          <Message>测试方法 BowlingGameTest.GameTest.TestSimpleStrike 引发了异常: 
System.NullReferenceException: 未将对象引用设置到对象的实例。</Message>
          <StackTrace>    在 BowlingGameTest.GameTest.TestSimpleStrike() 位置 D:\0A学习\敏捷开发\BowlingGameTest\BowlingGameTest\GameTest.cs:行号 67
</StackTrace>
        </ErrorInfo>
      </Output>
    </UnitTestResult>
    <UnitTestResult executionId="259de1c5-d4d2-4128-8b79-9f51847de7bf" testId="cdf8eefe-12a3-d707-3154-f2165fcb988e" testName="TestEndOfArray" computerName="KRIS_HE-PC" duration="00:00:00.0042434" startTime="2012-04-19T23:16:42.5380859+08:00" endTime="2012-04-19T23:16:42.5654296+08:00" testType="13cdc9d9-ddb5-4fa4-a97d-d965ccfc6d4b" outcome="Failed" testListId="8c84fa94-04c1-424b-9868-57a2d4851a1d" relativeResultsDirectory="259de1c5-d4d2-4128-8b79-9f51847de7bf">
      <Output>
        <ErrorInfo>
          <Message>测试方法 BowlingGameTest.GameTest.TestEndOfArray 引发了异常: 
System.NullReferenceException: 未将对象引用设置到对象的实例。</Message>
          <StackTrace>    在 BowlingGameTest.GameTest.TestEndOfArray() 位置 D:\0A学习\敏捷开发\BowlingGameTest\BowlingGameTest\GameTest.cs:行号 90
</StackTrace>
        </ErrorInfo>
      </Output>
    </UnitTestResult>
    <UnitTestResult executionId="6ea2622f-63ae-47d6-b6df-10d6d759754b" testId="d53c23bd-c3db-48d3-56fa-aec315209313" testName="TestPerfectGame" computerName="KRIS_HE-PC" duration="00:00:00.0052413" startTime="2012-04-19T23:16:42.5917968+08:00" endTime="2012-04-19T23:16:42.6308593+08:00" testType="13cdc9d9-ddb5-4fa4-a97d-d965ccfc6d4b" outcome="Failed" testListId="8c84fa94-04c1-424b-9868-57a2d4851a1d" relativeResultsDirectory="6ea2622f-63ae-47d6-b6df-10d6d759754b">
      <Output>
        <ErrorInfo>
          <Message>测试方法 BowlingGameTest.GameTest.TestPerfectGame 引发了异常: 
System.NullReferenceException: 未将对象引用设置到对象的实例。</Message>
          <StackTrace>    在 BowlingGameTest.GameTest.TestPerfectGame() 位置 D:\0A学习\敏捷开发\BowlingGameTest\BowlingGameTest\GameTest.cs:行号 79
</StackTrace>
        </ErrorInfo>
      </Output>
    </UnitTestResult>
    <UnitTestResult executionId="98c18477-f9f5-4ab8-8cb8-b6e6e8f48e89" testId="e3a5d2b2-7e7b-8adf-f47b-48c284782eca" testName="TestTenthFrameSpare" computerName="KRIS_HE-PC" duration="00:00:00.0034135" startTime="2012-04-19T23:16:42.6630859+08:00" endTime="2012-04-19T23:16:42.7099609+08:00" testType="13cdc9d9-ddb5-4fa4-a97d-d965ccfc6d4b" outcome="Failed" testListId="8c84fa94-04c1-424b-9868-57a2d4851a1d" relativeResultsDirectory="98c18477-f9f5-4ab8-8cb8-b6e6e8f48e89">
      <Output>
        <ErrorInfo>
          <Message>测试方法 BowlingGameTest.GameTest.TestTenthFrameSpare 引发了异常: 
System.NullReferenceException: 未将对象引用设置到对象的实例。</Message>
          <StackTrace>    在 BowlingGameTest.GameTest.TestTenthFrameSpare() 位置 D:\0A学习\敏捷开发\BowlingGameTest\BowlingGameTest\GameTest.cs:行号 137
</StackTrace>
        </ErrorInfo>
      </Output>
    </UnitTestResult>
    <UnitTestResult executionId="2f011333-7378-40b2-b2f3-d729e314c5fd" testId="e69f4d91-862d-4c1f-8ce8-ac18c91b1046" testName="TestFourThrowsNoMark" computerName="KRIS_HE-PC" duration="00:00:00.0025676" startTime="2012-04-19T23:16:42.7255859+08:00" endTime="2012-04-19T23:16:42.7421875+08:00" testType="13cdc9d9-ddb5-4fa4-a97d-d965ccfc6d4b" outcome="Failed" testListId="8c84fa94-04c1-424b-9868-57a2d4851a1d" relativeResultsDirectory="2f011333-7378-40b2-b2f3-d729e314c5fd">
      <Output>
        <ErrorInfo>
          <Message>测试方法 BowlingGameTest.GameTest.TestFourThrowsNoMark 引发了异常: 
System.NullReferenceException: 未将对象引用设置到对象的实例。</Message>
          <StackTrace>    在 BowlingGameTest.GameTest.TestFourThrowsNoMark() 位置 D:\0A学习\敏捷开发\BowlingGameTest\BowlingGameTest\GameTest.cs:行号 34
</StackTrace>
        </ErrorInfo>
      </Output>
    </UnitTestResult>
    <UnitTestResult executionId="098c43ff-c3c9-4fe8-926f-a50925549b20" testId="ea37382a-e229-0f26-f638-61865c6375fb" testName="TestSimpleFrameAfterSpare" computerName="KRIS_HE-PC" duration="00:00:00.0027310" startTime="2012-04-19T23:16:42.7578125+08:00" endTime="2012-04-19T23:16:42.7734375+08:00" testType="13cdc9d9-ddb5-4fa4-a97d-d965ccfc6d4b" outcome="Failed" testListId="8c84fa94-04c1-424b-9868-57a2d4851a1d" relativeResultsDirectory="098c43ff-c3c9-4fe8-926f-a50925549b20">
      <Output>
        <ErrorInfo>
          <Message>测试方法 BowlingGameTest.GameTest.TestSimpleFrameAfterSpare 引发了异常: 
System.NullReferenceException: 未将对象引用设置到对象的实例。</Message>
          <StackTrace>    在 BowlingGameTest.GameTest.TestSimpleFrameAfterSpare() 位置 D:\0A学习\敏捷开发\BowlingGameTest\BowlingGameTest\GameTest.cs:行号 55
</StackTrace>
        </ErrorInfo>
      </Output>
    </UnitTestResult>
    <UnitTestResult executionId="5a43eb55-a4d8-4406-ad8c-ece98a7fe23f" testId="f410da72-b70b-fdf1-23b3-19d130f30e63" testName="TestTwoThrowsNoMark" computerName="KRIS_HE-PC" duration="00:00:00.0042327" startTime="2012-04-19T23:16:42.7968750+08:00" endTime="2012-04-19T23:16:42.8125000+08:00" testType="13cdc9d9-ddb5-4fa4-a97d-d965ccfc6d4b" outcome="Passed" testListId="8c84fa94-04c1-424b-9868-57a2d4851a1d" relativeResultsDirectory="5a43eb55-a4d8-4406-ad8c-ece98a7fe23f">
    </UnitTestResult>
  </Results>
</TestRun>